
> frontend@0.0.0 build
> tsc -b && vite build

[36mvite v8.3.0 [32mbuilding client environment for production...[36m[39m
transforming...
Ô£ô 2018 modules transformed.
node.exe : [31mÔ£ù[39m Build failed in 448ms
En línea: 1 Carácter: 1
+ & "C:\Program Files\nodejs/node.exe" "C:\Program Files\nodejs/node_mo ...
+ ~~~~~~~~~~~~~~~~~~~~~~~~~~~~~~~~~~~~~~~~~~~~~~~~~~~~~~~~~~~~~~~~~~~~~
    + CategoryInfo          : NotSpecified: ([31mÔ£ù[39m Build failed in 448ms:String) [], RemoteException
    + FullyQualifiedErrorId : NativeCommandError
 
[31merror during build:
[31mBuild failed with 1 error:

[31m[UNLOADABLE_DEPENDENCY] [0mCould not load src/components/course/exercises/OutputPanel.tsx
   [38;5;246mÔò¡[0m[38;5;246mÔöÇ[0m[38;5;246m[[0m src/components/course/exercises/ExerciseShell.tsx:4:29 
[38;5;246m][0m
   [38;5;246mÔöé[0m
 [38;5;246m4 Ôöé[0m 
[38;5;249mi[0m[38;5;249mm[0m[38;5;249mp[0m[38;5;249mo[0m[38;5;249mr[0m[38;5;249mt[0m[38;5;249m 
[0m[38;5;249m{[0m[38;5;249m [0m[38;5;249mO[0m[38;5;249mu[0m[38;5;249mt[0m[38;5;249mp[0m[38;5;249mu[0m[3
8;5;249mt[0m[38;5;249mP[0m[38;5;249ma[0m[38;5;249mn[0m[38;5;249me[0m[38;5;249ml[0m[38;5;249m 
[0m[38;5;249m}[0m[38;5;249m [0m[38;5;249mf[0m[38;5;249mr[0m[38;5;249mo[0m[38;5;249mm[0m[38;5;249m 
[0m"./OutputPanel"[38;5;249m;[0m
 [38;5;240m  Ôöé[0m                             ÔöÇÔöÇÔöÇÔöÇÔöÇÔöÇÔöÇÔö¼ÔöÇÔöÇÔöÇÔöÇÔöÇÔöÇÔöÇ  
 [38;5;240m  Ôöé[0m                                    Ôò░ÔöÇÔöÇÔöÇÔöÇÔöÇÔöÇÔöÇÔöÇÔöÇ stream did not contain valid 
UTF-8
[38;5;246mÔöÇÔöÇÔöÇÔò»[0m
[31m
    at aggregateBindingErrorsIntoJsError (file:///C:/Users/Gabriel/Desktop/plataforma_cursos/frontend/node_modules/roll
down/dist/shared/error-CRNyaqoL.mjs:48:18)
    at unwrapBindingResult (file:///C:/Users/Gabriel/Desktop/plataforma_cursos/frontend/node_modules/rolldown/dist/shar
ed/error-CRNyaqoL.mjs:18:128)
    at #build (file:///C:/Users/Gabriel/Desktop/plataforma_cursos/frontend/node_modules/rolldown/dist/shared/rolldown-B
-jRyK4b.mjs:133:34)
    at async buildEnvironment 
(file:///C:/Users/Gabriel/Desktop/plataforma_cursos/frontend/node_modules/vite/dist/node/chunks/node.js:34082:66)
    at async Object.build 
(file:///C:/Users/Gabriel/Desktop/plataforma_cursos/frontend/node_modules/vite/dist/node/chunks/node.js:34503:19)
    at async Object.buildApp 
(file:///C:/Users/Gabriel/Desktop/plataforma_cursos/frontend/node_modules/vite/dist/node/chunks/node.js:34500:153)
    at async CAC.<anonymous> 
(file:///C:/Users/Gabriel/Desktop/plataforma_cursos/frontend/node_modules/vite/dist/node/cli.js:780:3) {
  errors: [Getter/Setter]
}[39m
